// Jest Snapshot v1, https://goo.gl/fbAQLP

exports[`SearchMenu should render the component 1`] = `
<div>
  <form
    autocomplete="off"
    id="menu"
  >
    <div
      id="search-bar-container-container"
    >
      <section
        id="search-bar-container"
      >
        <input
          id="search-bar"
          placeholder="Search..."
          type="text"
          value=""
        />
      </section>
    </div>
    <h2
      id="filters-label"
    >
      Filters
    </h2>
    <div
      id="status"
    >
      <label
        for="status-filter"
      >
        Status filter:
      </label>
      <div
        class=" css-b62m3t-container"
        id="status-filter"
      >
        <span
          class="css-1f43avz-a11yText-A11yText"
          id="react-select-2-live-region"
        />
        <span
          aria-atomic="false"
          aria-live="polite"
          aria-relevant="additions text"
          class="css-1f43avz-a11yText-A11yText"
        />
        <div
          class=" css-u5xlfi-control"
        >
          <div
            class=" css-525zur-ValueContainer"
            style="display: flex;"
          >
            <div
              style="overflow: hidden; white-space: nowrap; width: auto;"
            >
              <div
                class=" css-1p3m7a8-multiValue"
              >
                <div
                  class=" css-wsp0cs-MultiValueGeneric"
                >
                  Incomplete
                </div>
                <div
                  aria-label="Remove Incomplete"
                  class=" css-12a83d4-MultiValueRemove"
                  role="button"
                >
                  <svg
                    aria-hidden="true"
                    class="css-tj5bde-Svg"
                    focusable="false"
                    height="14"
                    viewBox="0 0 20 20"
                    width="14"
                  >
                    <path
                      d="M14.348 14.849c-0.469 0.469-1.229 0.469-1.697 0l-2.651-3.030-2.651 3.029c-0.469 0.469-1.229 0.469-1.697 0-0.469-0.469-0.469-1.229 0-1.697l2.758-3.15-2.759-3.152c-0.469-0.469-0.469-1.228 0-1.697s1.228-0.469 1.697 0l2.652 3.031 2.651-3.031c0.469-0.469 1.228-0.469 1.697 0s0.469 1.229 0 1.697l-2.758 3.152 2.758 3.15c0.469 0.469 0.469 1.229 0 1.698z"
                    />
                  </svg>
                </div>
              </div>
            </div>
            <div
              class=" css-qbdosj-Input"
              data-value=""
            >
              <input
                aria-autocomplete="list"
                aria-expanded="false"
                aria-haspopup="true"
                autocapitalize="none"
                autocomplete="off"
                autocorrect="off"
                class=""
                id="react-select-2-input"
                role="combobox"
                spellcheck="false"
                style="opacity: 1; width: 100%; grid-area: 1 / 2; min-width: 2px; border: 0px; margin: 0px; outline: 0; padding: 0px;"
                tabindex="0"
                type="text"
                value=""
              />
            </div>
          </div>
          <div
            class=" css-1gscolb-IndicatorsContainer"
          >
            <div
              aria-hidden="true"
              class=" css-1xc3v61-indicatorContainer"
            >
              <svg
                aria-hidden="true"
                class="css-tj5bde-Svg"
                focusable="false"
                height="20"
                viewBox="0 0 20 20"
                width="20"
              >
                <path
                  d="M14.348 14.849c-0.469 0.469-1.229 0.469-1.697 0l-2.651-3.030-2.651 3.029c-0.469 0.469-1.229 0.469-1.697 0-0.469-0.469-0.469-1.229 0-1.697l2.758-3.15-2.759-3.152c-0.469-0.469-0.469-1.228 0-1.697s1.228-0.469 1.697 0l2.652 3.031 2.651-3.031c0.469-0.469 1.228-0.469 1.697 0s0.469 1.229 0 1.697l-2.758 3.152 2.758 3.15c0.469 0.469 0.469 1.229 0 1.698z"
                />
              </svg>
            </div>
            <span
              class=" css-1xjgjl1-IndicatorSeparator"
            />
            <div
              aria-hidden="true"
              class=" css-1xc3v61-indicatorContainer"
            >
              <svg
                aria-hidden="true"
                class="css-tj5bde-Svg"
                focusable="false"
                height="20"
                viewBox="0 0 20 20"
                width="20"
              >
                <path
                  d="M4.516 7.548c0.436-0.446 1.043-0.481 1.576 0l3.908 3.747 3.908-3.747c0.533-0.481 1.141-0.446 1.574 0 0.436 0.445 0.408 1.197 0 1.615-0.406 0.418-4.695 4.502-4.695 4.502-0.217 0.223-0.502 0.335-0.787 0.335s-0.57-0.112-0.789-0.335c0 0-4.287-4.084-4.695-4.502s-0.436-1.17 0-1.615z"
                />
              </svg>
            </div>
          </div>
        </div>
      </div>
    </div>
    <div
      id="type"
    >
      <label
        for="type-filter"
      >
        Type filter:
      </label>
      <div
        class=" css-b62m3t-container"
        id="type-filter"
      >
        <span
          class="css-1f43avz-a11yText-A11yText"
          id="react-select-3-live-region"
        />
        <span
          aria-atomic="false"
          aria-live="polite"
          aria-relevant="additions text"
          class="css-1f43avz-a11yText-A11yText"
        />
        <div
          class=" css-u5xlfi-control"
        >
          <div
            class=" css-qsn7pb-ValueContainer"
            style="display: grid;"
          >
            <div
              class=" css-1jqq78o-placeholder"
              id="react-select-3-placeholder"
            >
              Select...
            </div>
            <div
              class=" css-qbdosj-Input"
              data-value=""
            >
              <input
                aria-autocomplete="list"
                aria-describedby="react-select-3-placeholder"
                aria-expanded="false"
                aria-haspopup="true"
                autocapitalize="none"
                autocomplete="off"
                autocorrect="off"
                class=""
                id="react-select-3-input"
                role="combobox"
                spellcheck="false"
                style="opacity: 1; width: 100%; grid-area: 1 / 2; min-width: 2px; border: 0px; margin: 0px; outline: 0; padding: 0px;"
                tabindex="0"
                type="text"
                value=""
              />
            </div>
          </div>
          <div
            class=" css-1gscolb-IndicatorsContainer"
          >
            <span
              class=" css-1xjgjl1-IndicatorSeparator"
            />
            <div
              aria-hidden="true"
              class=" css-1xc3v61-indicatorContainer"
            >
              <svg
                aria-hidden="true"
                class="css-tj5bde-Svg"
                focusable="false"
                height="20"
                viewBox="0 0 20 20"
                width="20"
              >
                <path
                  d="M4.516 7.548c0.436-0.446 1.043-0.481 1.576 0l3.908 3.747 3.908-3.747c0.533-0.481 1.141-0.446 1.574 0 0.436 0.445 0.408 1.197 0 1.615-0.406 0.418-4.695 4.502-4.695 4.502-0.217 0.223-0.502 0.335-0.787 0.335s-0.57-0.112-0.789-0.335c0 0-4.287-4.084-4.695-4.502s-0.436-1.17 0-1.615z"
                />
              </svg>
            </div>
          </div>
        </div>
      </div>
    </div>
    <div
      id="datepicker-wrapper"
    >
      <label
        for="datepicker"
      >
        Date range:
      </label>
      <div
        class="react-date-picker react-date-picker--closed react-date-picker--enabled"
        id="search-datepicker"
      >
        <div
          class="react-date-picker__wrapper"
        >
          <div
            class="react-date-picker__inputGroup"
          >
            <input
              hidden=""
              max="275760-09-12"
              min="0001-01-01"
              name="date"
              style="visibility: hidden; position: absolute; z-index: -999;"
              type="date"
              value=""
            />
            <input
              autocomplete="off"
              class="react-date-picker__inputGroup__input react-date-picker__inputGroup__month"
              data-input="true"
              inputmode="numeric"
              max="12"
              min="1"
              name="month"
              placeholder="--"
              type="number"
              value=""
            />
            <span
              class="react-date-picker__inputGroup__divider"
            >
              /
            </span>
            <input
              autocomplete="off"
              class="react-date-picker__inputGroup__input react-date-picker__inputGroup__day"
              data-input="true"
              inputmode="numeric"
              max="31"
              min="1"
              name="day"
              placeholder="--"
              type="number"
              value=""
            />
            <span
              class="react-date-picker__inputGroup__divider"
            >
              /
            </span>
            <input
              autocomplete="off"
              class="react-date-picker__inputGroup__input react-date-picker__inputGroup__year"
              data-input="true"
              inputmode="numeric"
              max="275760"
              min="1"
              name="year"
              placeholder="----"
              step="1"
              type="number"
              value=""
            />
          </div>
          <button
            class="react-date-picker__clear-button react-date-picker__button"
            type="button"
          >
            <svg
              class="react-date-picker__clear-button__icon react-date-picker__button__icon"
              height="19"
              stroke="black"
              stroke-width="2"
              viewBox="0 0 19 19"
              width="19"
              xmlns="http://www.w3.org/2000/svg"
            >
              <line
                x1="4"
                x2="15"
                y1="4"
                y2="15"
              />
              <line
                x1="15"
                x2="4"
                y1="4"
                y2="15"
              />
            </svg>
          </button>
          <button
            class="react-date-picker__calendar-button react-date-picker__button"
            type="button"
          >
            <svg
              class="react-date-picker__calendar-button__icon react-date-picker__button__icon"
              height="19"
              stroke="black"
              stroke-width="2"
              viewBox="0 0 19 19"
              width="19"
              xmlns="http://www.w3.org/2000/svg"
            >
              <rect
                fill="none"
                height="15"
                width="15"
                x="2"
                y="2"
              />
              <line
                x1="6"
                x2="6"
                y1="0"
                y2="4"
              />
              <line
                x1="13"
                x2="13"
                y1="0"
                y2="4"
              />
            </svg>
          </button>
        </div>
      </div>
    </div>
    <div
      id="time"
    >
      <label
        for="timeframe"
      >
        Timeframe:
      </label>
      <div
        class=" css-b62m3t-container"
        id="timeframe"
      >
        <span
          class="css-1f43avz-a11yText-A11yText"
          id="react-select-4-live-region"
        />
        <span
          aria-atomic="false"
          aria-live="polite"
          aria-relevant="additions text"
          class="css-1f43avz-a11yText-A11yText"
        />
        <div
          class=" css-u5xlfi-control"
        >
          <div
            class=" css-qsn7pb-ValueContainer"
          >
            <div
              class=" css-1dimb5e-singleValue"
              style="opacity: 1; transition: opacity 1ms;"
            >
              Today
            </div>
            <input
              aria-autocomplete="list"
              aria-expanded="false"
              aria-haspopup="true"
              aria-readonly="true"
              class="css-mohuvp-dummyInput-DummyInput"
              id="react-select-4-input"
              inputmode="none"
              role="combobox"
              tabindex="0"
              value=""
            />
          </div>
          <div
            class=" css-1gscolb-IndicatorsContainer"
          >
            <span
              class=" css-1xjgjl1-IndicatorSeparator"
            />
            <div
              aria-hidden="true"
              class=" css-1xc3v61-indicatorContainer"
            >
              <svg
                aria-hidden="true"
                class="css-tj5bde-Svg"
                focusable="false"
                height="20"
                viewBox="0 0 20 20"
                width="20"
              >
                <path
                  d="M4.516 7.548c0.436-0.446 1.043-0.481 1.576 0l3.908 3.747 3.908-3.747c0.533-0.481 1.141-0.446 1.574 0 0.436 0.445 0.408 1.197 0 1.615-0.406 0.418-4.695 4.502-4.695 4.502-0.217 0.223-0.502 0.335-0.787 0.335s-0.57-0.112-0.789-0.335c0 0-4.287-4.084-4.695-4.502s-0.436-1.17 0-1.615z"
                />
              </svg>
            </div>
          </div>
        </div>
      </div>
    </div>
    <h2
      id="sorts-label"
    >
      Sorts
    </h2>
    <div
      id="sorts"
    >
      <div
        class=" css-b62m3t-container"
        id="sort-select"
      >
        <span
          class="css-1f43avz-a11yText-A11yText"
          id="react-select-5-live-region"
        />
        <span
          aria-atomic="false"
          aria-live="polite"
          aria-relevant="additions text"
          class="css-1f43avz-a11yText-A11yText"
        />
        <div
          class=" css-u5xlfi-control"
        >
          <div
            class=" css-525zur-ValueContainer"
            style="display: flex;"
          >
            <div
              style="overflow: hidden; white-space: nowrap; width: auto;"
            >
              <div
                class=" css-1p3m7a8-multiValue"
              >
                <div
                  class=" css-wsp0cs-MultiValueGeneric"
                >
                  Option 1
                </div>
                <div
                  aria-label="Remove Option 1"
                  class=" css-12a83d4-MultiValueRemove"
                  role="button"
                >
                  <svg
                    aria-hidden="true"
                    class="css-tj5bde-Svg"
                    focusable="false"
                    height="14"
                    viewBox="0 0 20 20"
                    width="14"
                  >
                    <path
                      d="M14.348 14.849c-0.469 0.469-1.229 0.469-1.697 0l-2.651-3.030-2.651 3.029c-0.469 0.469-1.229 0.469-1.697 0-0.469-0.469-0.469-1.229 0-1.697l2.758-3.15-2.759-3.152c-0.469-0.469-0.469-1.228 0-1.697s1.228-0.469 1.697 0l2.652 3.031 2.651-3.031c0.469-0.469 1.228-0.469 1.697 0s0.469 1.229 0 1.697l-2.758 3.152 2.758 3.15c0.469 0.469 0.469 1.229 0 1.698z"
                    />
                  </svg>
                </div>
              </div>
            </div>
            <div
              class=" css-qbdosj-Input"
              data-value=""
            >
              <input
                aria-autocomplete="list"
                aria-expanded="false"
                aria-haspopup="true"
                autocapitalize="none"
                autocomplete="off"
                autocorrect="off"
                class=""
                id="react-select-5-input"
                role="combobox"
                spellcheck="false"
                style="opacity: 1; width: 100%; grid-area: 1 / 2; min-width: 2px; border: 0px; margin: 0px; outline: 0; padding: 0px;"
                tabindex="0"
                type="text"
                value=""
              />
            </div>
          </div>
          <div
            class=" css-1gscolb-IndicatorsContainer"
          >
            <div
              aria-hidden="true"
              class=" css-1xc3v61-indicatorContainer"
            >
              <svg
                aria-hidden="true"
                class="css-tj5bde-Svg"
                focusable="false"
                height="20"
                viewBox="0 0 20 20"
                width="20"
              >
                <path
                  d="M14.348 14.849c-0.469 0.469-1.229 0.469-1.697 0l-2.651-3.030-2.651 3.029c-0.469 0.469-1.229 0.469-1.697 0-0.469-0.469-0.469-1.229 0-1.697l2.758-3.15-2.759-3.152c-0.469-0.469-0.469-1.228 0-1.697s1.228-0.469 1.697 0l2.652 3.031 2.651-3.031c0.469-0.469 1.228-0.469 1.697 0s0.469 1.229 0 1.697l-2.758 3.152 2.758 3.15c0.469 0.469 0.469 1.229 0 1.698z"
                />
              </svg>
            </div>
            <span
              class=" css-1xjgjl1-IndicatorSeparator"
            />
            <div
              aria-hidden="true"
              class=" css-1xc3v61-indicatorContainer"
            >
              <svg
                aria-hidden="true"
                class="css-tj5bde-Svg"
                focusable="false"
                height="20"
                viewBox="0 0 20 20"
                width="20"
              >
                <path
                  d="M4.516 7.548c0.436-0.446 1.043-0.481 1.576 0l3.908 3.747 3.908-3.747c0.533-0.481 1.141-0.446 1.574 0 0.436 0.445 0.408 1.197 0 1.615-0.406 0.418-4.695 4.502-4.695 4.502-0.217 0.223-0.502 0.335-0.787 0.335s-0.57-0.112-0.789-0.335c0 0-4.287-4.084-4.695-4.502s-0.436-1.17 0-1.615z"
                />
              </svg>
            </div>
          </div>
        </div>
      </div>
      <div
        class="ascending tooltip"
        id="sort-direction"
      >
        <svg
          enable-background="new 0 0 50 150"
          viewBox="0 0 50 150"
          xmlns="http://www.w3.org/2000/svg"
        >
          <g>
            <line
              stroke="#000"
              stroke-miterlimit="10"
              stroke-width="6"
              x1="23.871"
              x2="23.871"
              y1="149"
              y2="24.964"
            />
            <polygon
              points="42.292 25.87 3.969 25.87 24.885 1.917"
            />
          </g>
        </svg>
      </div>
    </div>
  </form>
</div>
`;
